o0=1
o1=1
o2=1
o3=1
o4=1
o5=1
> > > o0=0
o1=1
o2=1
o3=1
o4=1
o5=1
> > > o0=0
o1=1
o2=1
o3=1
o4=1
o5=1
> > > o0=1
o1=1
o2=1
o3=1
o4=1
o5=1
> > > o0=0
o1=1
o2=1
o3=1
o4=1
o5=1
> > > o0=1
o1=1
o2=1
o3=1
o4=1
o5=1
> > > o0=1
o1=1
o2=1
o3=1
o4=1
o5=1
> > > o0=0
o1=1
o2=1
o3=1
o4=1
o5=1
> > > o0=0
o1=1
o2=1
o3=1
o4=1
o5=1
> > > o0=1
o1=1
o2=1
o3=1
o4=1
o5=1
> > > o0=1
o1=1
o2=1
o3=1
o4=1
o5=1
> > > o0=0
o1=1
o2=1
o3=1
o4=1
o5=1
> 